// Jest Snapshot v1, https://goo.gl/fbAQLP

exports[`matches snapshot 1`] = `
<div
  class="skills"
>
  <h2>
    Advanced Skills and Spells
  </h2>
  <div
    class="skills__grid"
  >
    <div
      class="skills__grid__heading skill__box--rank"
    >
      Rank
    </div>
    <div
      class="skills__grid__heading skill__box--skill"
    >
      Skill
    </div>
    <div
      class="skills__grid__heading skill__box--total"
    >
      Total
    </div>
    <div
      class="skill__name"
    >
      <input
        aria-label="skill name"
        class="skill__name__input"
        type="text"
        value="Hammer Fighting"
      />
    </div>
    <input
      aria-label="skill rank"
      class="skill__box skill__box--rank hide-spinners "
      type="number"
      value="3"
    />
    <div
      aria-label="skill stat"
      class="skill__box skill__box--skill-stat zero-to-hide"
    >
      0
    </div>
    <div
      aria-label="skill total"
      class="skill__box skill__box--total "
    >
      3
    </div>
    <div
      class="skill__name"
    >
      <input
        aria-label="skill name"
        class="skill__name__input"
        type="text"
        value="Fist Fighting"
      />
    </div>
    <input
      aria-label="skill rank"
      class="skill__box skill__box--rank hide-spinners "
      type="number"
      value="2"
    />
    <div
      aria-label="skill stat"
      class="skill__box skill__box--skill-stat zero-to-hide"
    >
      0
    </div>
    <div
      aria-label="skill total"
      class="skill__box skill__box--total "
    >
      2
    </div>
    <div
      class="skill__name"
    >
      <input
        aria-label="skill name"
        class="skill__name__input"
        type="text"
        value="Wrestle"
      />
    </div>
    <input
      aria-label="skill rank"
      class="skill__box skill__box--rank hide-spinners "
      type="number"
      value="2"
    />
    <div
      aria-label="skill stat"
      class="skill__box skill__box--skill-stat zero-to-hide"
    >
      0
    </div>
    <div
      aria-label="skill total"
      class="skill__box skill__box--total "
    >
      2
    </div>
    <div
      class="skill__name"
    >
      <input
        aria-label="skill name"
        class="skill__name__input"
        type="text"
        value="Swim"
      />
    </div>
    <input
      aria-label="skill rank"
      class="skill__box skill__box--rank hide-spinners "
      type="number"
      value="2"
    />
    <div
      aria-label="skill stat"
      class="skill__box skill__box--skill-stat zero-to-hide"
    >
      0
    </div>
    <div
      aria-label="skill total"
      class="skill__box skill__box--total "
    >
      2
    </div>
    <div
      class="skill__name"
    >
      <input
        aria-label="skill name"
        class="skill__name__input"
        type="text"
        value="Climb"
      />
    </div>
    <input
      aria-label="skill rank"
      class="skill__box skill__box--rank hide-spinners "
      type="number"
      value="2"
    />
    <div
      aria-label="skill stat"
      class="skill__box skill__box--skill-stat zero-to-hide"
    >
      0
    </div>
    <div
      aria-label="skill total"
      class="skill__box skill__box--total "
    >
      2
    </div>
    <div
      class="skill__name"
    >
      <input
        aria-label="skill name"
        class="skill__name__input"
        type="text"
        value="Run"
      />
    </div>
    <input
      aria-label="skill rank"
      class="skill__box skill__box--rank hide-spinners "
      type="number"
      value="2"
    />
    <div
      aria-label="skill stat"
      class="skill__box skill__box--skill-stat zero-to-hide"
    >
      0
    </div>
    <div
      aria-label="skill total"
      class="skill__box skill__box--total "
    >
      2
    </div>
    <div
      class="skill__name"
    >
      <input
        aria-label="skill name"
        class="skill__name__input"
        type="text"
        value="Grill"
      />
    </div>
    <input
      aria-label="skill rank"
      class="skill__box skill__box--rank hide-spinners "
      type="number"
      value="2"
    />
    <div
      aria-label="skill stat"
      class="skill__box skill__box--skill-stat zero-to-hide"
    >
      0
    </div>
    <div
      aria-label="skill total"
      class="skill__box skill__box--total "
    >
      2
    </div>
    <div
      class="skill__name"
    >
      <input
        aria-label="skill name"
        class="skill__name__input"
        type="text"
        value=""
      />
    </div>
    <input
      aria-label="skill rank"
      class="skill__box skill__box--rank hide-spinners zero-to-hide"
      type="number"
      value="0"
    />
    <div
      aria-label="skill stat"
      class="skill__box skill__box--skill-stat zero-to-hide"
    >
      0
    </div>
    <div
      aria-label="skill total"
      class="skill__box skill__box--total zero-to-hide"
    >
      0
    </div>
  </div>
  <div
    area-label="click to add a skill"
    class="skills__add-button clickable"
    tabindex="0"
  >
    Add Skill
  </div>
</div>
`;
