// Jest Snapshot v1, https://goo.gl/fbAQLP

exports[`matches snapshot 1`] = `
<div
  class="basics"
>
  <label
    class="basics__name"
  >
    Name
    <input
      class="basics__input basics__input--name"
      type="text"
      value=""
    />
  </label>
  <label
    class="basics__background"
  >
    Background
    <input
      class="basics__input basics__input--background "
      type="text"
      value=""
    />
  </label>
  <label
    class="basics__special"
  >
    Special
    <textarea
      class="basics__input basics__input--special"
      rows="4"
    />
  </label>
</div>
`;
