// Jest Snapshot v1, https://goo.gl/fbAQLP

exports[`matches snapshot 1`] = `
<div
  class="basics"
>
  <label
    class="basics__name"
  >
    Name
    <input
      type="text"
      value=""
    />
  </label>
  <label
    class="basics__background"
  >
    Background
    <input
      type="text"
      value=""
    />
  </label>
  <label
    class="basics__special"
  >
    Special
    <textarea
      rows="4"
    />
  </label>
</div>
`;
