// Jest Snapshot v1, https://goo.gl/fbAQLP

exports[`matches snapshot 1`] = `
<div
  class="inventory"
>
  <h2>
    Inventory
  </h2>
  <ol
    class="inventory__grid"
  >
    <li
      class="item"
    >
      <textarea
        aria-label="Slot 1"
        class="item__input"
        id="0"
        type="text"
      />
    </li>
    <li
      class="item blank"
    >
      <textarea
        aria-label="Empty slot 2"
        class="item__input"
        id="1"
        type="text"
      />
    </li>
    <li
      class="item blank"
    >
      <textarea
        aria-label="Empty slot 3"
        class="item__input"
        id="2"
        type="text"
      />
    </li>
    <li
      class="item blank"
    >
      <textarea
        aria-label="Empty slot 4"
        class="item__input"
        id="3"
        type="text"
      />
    </li>
    <li
      class="item blank"
    >
      <textarea
        aria-label="Empty slot 5"
        class="item__input"
        id="4"
        type="text"
      />
    </li>
    <li
      class="item blank"
    >
      <textarea
        aria-label="Empty slot 6"
        class="item__input"
        id="5"
        type="text"
      />
    </li>
    <li
      class="item blank"
    >
      <textarea
        aria-label="Empty slot 7"
        class="item__input"
        id="6"
        type="text"
      />
    </li>
    <li
      class="item blank"
    >
      <textarea
        aria-label="Empty slot 8"
        class="item__input"
        id="7"
        type="text"
      />
    </li>
    <li
      class="item blank"
    >
      <textarea
        aria-label="Empty slot 9"
        class="item__input"
        id="8"
        type="text"
      />
    </li>
    <li
      class="item blank"
    >
      <textarea
        aria-label="Empty slot 10"
        class="item__input"
        id="9"
        type="text"
      />
    </li>
    <li
      class="item blank"
    >
      <textarea
        aria-label="Empty slot 11"
        class="item__input"
        id="10"
        type="text"
      />
    </li>
    <li
      class="item blank"
    >
      <textarea
        aria-label="Empty slot 12"
        class="item__input"
        id="11"
        type="text"
      />
    </li>
  </ol>
</div>
`;
